;;;;;;;;;;;;; ALIAS ADMINISTRATION STUFF: ;;;;;;;;;;;;;
;;;;;;;;;;;;; ALIAS ADMINISTRATION STUFF: ;;;;;;;;;;;;;
;;;;;;;;;;;;; ALIAS ADMINISTRATION STUFF: ;;;;;;;;;;;;;

realias=alias /r c:\TCMD\alias.lst
readalias=realias




;;;;;;;;;;;;; UNKNOWN COMMAND STUFF: ;;;;;;;;;;;;;
;;;;;;;;;;;;; UNKNOWN COMMAND STUFF: ;;;;;;;;;;;;;
;;;;;;;;;;;;; UNKNOWN COMMAND STUFF: ;;;;;;;;;;;;;

UNKNOWN_CMD=set PAUSE_WINDOW_TITLE=ERROR: %1 %+ echo 🚩 %ANSI_COLOR_ERROR% Unknown command: '%italics%%ANSI_YELLOW%%1$%ANSI_COLOR_ERROR%%italics_off%' %ANSI_RESET% 🚩 %+ call pause-alias




;;;;;;;;;;;;; SINGLE-KEYSTROKE COMMANDS: ;;;;;;;;;;;;;
;;;;;;;;;;;;; SINGLE-KEYSTROKE COMMANDS: ;;;;;;;;;;;;;
;;;;;;;;;;;;; SINGLE-KEYSTROKE COMMANDS: ;;;;;;;;;;;;;

@@F2=call speak Carolyn
@@F3=call speak I love you
@@F4=call fix-winamp-normal
@@F5=call fix-winamp-alt
a@@F4=oldcth
a@@F5=randwarp
a@@F6=randht
a__F6=luminati
a@@Shift-F4=spec
a@@Shift-F5=newwarp
;NOPE! @Ins=][2~





;;;;;;;;;;;;; PASSTHROUGH ALIASES TO OVERLOAD EXISTING BUILT-IN/CYGWIN/WINDOWS COMMANDS: ;;;;;;;;;;;;;
;;;;;;;;;;;;; PASSTHROUGH ALIASES TO OVERLOAD EXISTING BUILT-IN/CYGWIN/WINDOWS COMMANDS: ;;;;;;;;;;;;;
;;;;;;;;;;;;; PASSTHROUGH ALIASES TO OVERLOAD EXISTING BUILT-IN/CYGWIN/WINDOWS COMMANDS: ;;;;;;;;;;;;;

beep=      @call         beep.bat
cat=       @call          cat.bat
cd=        @call     cd-alias.bat
cp=        @call     cp-alias.bat
color=     @call c:\bat\color.bat
copy=      @call   copy-alias.bat
cls=       @call          cls.bat
DEL=       @mv    %1$   \recycled
du=        @call           du.bat
diff=      @call         diff.bat
eset=      @call         eset.bat
everything=@call   everything.bat
head=      @call         head.bat
kill=      @call         kill.bat
label=     @call        label.bat
more=      @call         more.bat
mv=        @call           mv.bat
pause =    @call  pause-alias.bat
python=    @call       python.bat
rd=        @call     rd-alias.bat 
say=       @call          say.bat 
sleep=     @call        sleep.bat
sort =     @call         sort.bat
speak=     @call        speak.bat
sync=      @call         sync.bat
start=     @call        start.bat
tail=      @call         tail.bat
touch=     @call  touch-alias.bat
tee=       @call          tee.bat
uniq=      @call         uniq.bat
window=    @call       window.bat
wget=      @call         wget.bat
zip=       @call   c:\bat\zip.bat
zipp=      @call   c:\bat\zip.bat
	       
		  


;;;;;;;;;;;;; ABBREVIATE DIRECTORY NAVIGATION: ;;;;;;;;;;;;;
;;;;;;;;;;;;; ABBREVIATE DIRECTORY NAVIGATION: ;;;;;;;;;;;;;
;;;;;;;;;;;;; ABBREVIATE DIRECTORY NAVIGATION: ;;;;;;;;;;;;;

.=call    "cd.bat" .    %+ call fix-window-title %+ d
..=call   "cd.bat" ..   
...=call  "cd.bat" ...  %+ d/w
....=call "cd.bat" .... %+ d/w




;;;;;;;;;;;;; ABBREVIATE BASIC COMMANDS: ;;;;;;;;;;;;;
;;;;;;;;;;;;; ABBREVIATE BASIC COMMANDS: ;;;;;;;;;;;;;
;;;;;;;;;;;;; ABBREVIATE BASIC COMMANDS: ;;;;;;;;;;;;;

d=dir
desc=describe
ed=editpad
h=history
li=list
x=exit




;;;;;;;;;;;;; ALTERNATE NAMES FOR BASIC COMMANDS: ;;;;;;;;;;;;;
;;;;;;;;;;;;; ALTERNATE NAMES FOR BASIC COMMANDS: ;;;;;;;;;;;;;
;;;;;;;;;;;;; ALTERNATE NAMES FOR BASIC COMMANDS: ;;;;;;;;;;;;;

no=except (%1)
sweep=global/i
;zipp=zip didn't work right



;;;;;;;;;;;;; COMMON TYPOS: ;;;;;;;;;;;;;
;;;;;;;;;;;;; COMMON TYPOS: ;;;;;;;;;;;;;
;;;;;;;;;;;;; COMMON TYPOS: ;;;;;;;;;;;;;

functoin=function
unfunctoin=unfunction




;;;;;;;;;;;;; REDEFINE BASIC COMMAND BEHAVIOR: ;;;;;;;;;;;;;
;;;;;;;;;;;;; REDEFINE BASIC COMMAND BEHAVIOR: ;;;;;;;;;;;;;
;;;;;;;;;;;;; REDEFINE BASIC COMMAND BEHAVIOR: ;;;;;;;;;;;;;

7unzip=7z.exe
7zip=7z.exe
comp=*comp /m
:deltree is a bat file now
gr=grep -i --text --color=always -d skip
md=*md /Nt
netstat=*netstat -an
;rd is aliased to rd-alias.bat now... but it used to be: rd=*rd /Nt
ren=*ren /Nt




;;;;;;;;;;;;; EXTEND BASIC COMMANDS INTO NEW COMMANDS: ;;;;;;;;;;;;;
;;;;;;;;;;;;; EXTEND BASIC COMMANDS INTO NEW COMMANDS: ;;;;;;;;;;;;;
;;;;;;;;;;;;; EXTEND BASIC COMMANDS INTO NEW COMMANDS: ;;;;;;;;;;;;;
 
duh=du -h
dg=(dir/km|:u8 gr %1$) | cat_fast
clf=d/bs %1$ >clip:
DD=dir/bw *.com;*.exe;*.bat
DDD=ls/x
des=describe %1*.*
hl=h|:u8 list /e/s
ldg=(dir/bs/a:|:u8 gr %1$)
ldgjava=global /i /q if exist *.java grep --color=always -i -H %1$ *.java
LSDG=dir/b|:u8 grep --color=always %1$
mvfast=move /r /g /h /E

psgr=@echo off %+ @tasklist /L |:u8 @gr %1$ |:u8 @call 80
psgrep=psgr
psg=psgr
pg=psgr
pss= tasklist /o /l|:u8 80|:u8 gr -v chrome
PSSh=tasklist /o    %1$
PSL= tasklist /o /l %1$
PS8=(tasklist /o /l %1$ |:u8  call 80)




;;;;;;;;;;;;; UNIX ALIASES: ;;;;;;;;;;;;;
;;;;;;;;;;;;; UNIX ALIASES: ;;;;;;;;;;;;;
;;;;;;;;;;;;; UNIX ALIASES: ;;;;;;;;;;;;;

awk=gawk
cp=copy/r /g
;du handled above
;mv handled above
ps=psl
pwd=*cd
;touch handled above





;;;;;;;;;;;;; APPLE ALIASES: ;;;;;;;;;;;;;
;;;;;;;;;;;;; APPLE ALIASES: ;;;;;;;;;;;;;
;;;;;;;;;;;;; APPLE ALIASES: ;;;;;;;;;;;;;

;catalog=dir
clear=cls
;lock=attrib +r %1
;unlock=attrib -r %1




;;;;;;;;;;;;; UNCATEGORIZED: ;;;;;;;;;;;;;
;;;;;;;;;;;;; UNCATEGORIZED: ;;;;;;;;;;;;;
;;;;;;;;;;;;; UNCATEGORIZED: ;;;;;;;;;;;;;

htmd=htmld
htmld=dir *htm*
tpause=*cls %+ type %1$ %+ pause>nul
DIR2=call 4windir
LFF=attrib /e %1$ /s
FF=pushd %+ cd\ %+ attrib /e %1$ /s %+ popd
GBAT=gbatname|:u8 c:\bat\gbat
GMD=*md %1 %+ *cd %1 %+ call gbat
ll=%@SFN["%1"]
LD=call c:\bat\4windir %1$|:u8 c:\util\list /s/e




;;;;;;;;;;;;; OLD STUFF ;;;;;;;;;;;;;
;;;;;;;;;;;;; OLD STUFF ;;;;;;;;;;;;;
;;;;;;;;;;;;; OLD STUFF ;;;;;;;;;;;;;

DG2023fail=@dir/km ::%1$|:u8 gr %1$
:G=c:\bat\g.bat
OLDeset=%COLOR_PROMPT% ^ *eset %1 %2 %3 %4 %5 %6  ^ %COLOR_NORMAL%
ummmmmm=call randblack^generate-and-play-random-midi
grep20051001=c:\util\grep
OLDcopy=*copy /Nt
OLDtasklist=tasklist.exe
oldLLIST=c:\util\list.com %@SFN[%1]
oldGFF=c:\ %+ cd\ %+ attrib /e %1$ /s %+ d:\ %+ cd\ %+ attrib /e %1$ /s %+ e:\ %+ cd\ %+ attrib /e %1$ /s
oldKILL=mv *.* c:\recycled
oldLH=HL
oldLIST=shroom -s c:\ c:\util\list.com %@SFN[%1]
oldLS=call nl %+ call 4windir/bw
oldkill=taskend /f
old_add=echo %@LFN[%1] >>d:\list.tmp %+ tail.exe -5 d:\list.tmp
oldMV=move/r /g /h
move=echos %@RANDFG_SOFT[]`` %+ *move/r /h
oldCLS=melt %+ *cls
oldCOMP=*comp/a
oldoldD=call 4windir
oldd=call fix-window-title %+ dir
LSDGold=dir/b|:u8 grep --color=always %1$|:u8 tail.exe +1
LDGold=(dir/bs/a:|:u8 gr %1$|:u8 tail.exe +1)
:LDGtest=(dir/bs/a:|:u8 gr %1$|:u8 call cygtail -n +1)
oldLIST=c:\bat\list.bat
olderLIST=c:\util\list.com
oldDU=call 4windir/su|:u8 grep "[,\\]"|:u8 tail.exe +1|:u8 list /e/s
oldEDIT=c:\util\e\e.exe
olddgs=ldg
oldnormalLS=call nl %+ call 4windir /bwz
